// Jest Snapshot v1, https://goo.gl/fbAQLP

exports[`Snapshot test for Calculator component 1`] = `
Array [
  <header
    className="d-flex justify-content-between align-items-center"
  >
    <div
      className="d-flex align-items-center"
    >
      <img
        alt="logo"
        className="logo"
        src="gallery.svg"
      />
      <p
        data-testid="website_name"
      >
        Online Museum
      </p>
    </div>
    <select
      className="form-select"
      onChange={[Function]}
    >
      <option
        value="All"
      >
        All
      </option>
      <option
        value="Painting"
      >
        Painting
      </option>
      <option
        value="Metalwork"
      >
        Metalwork
      </option>
      <option
        value="Sculpture"
      >
        Sculpture
      </option>
      <option
        value="Ceramic"
      >
        Ceramic
      </option>
      <option
        value="Textile"
      >
        Textile
      </option>
      <option
        value="Miscellaneous"
      >
        Miscellaneous
      </option>
    </select>
  </header>,
  <main
    className="d-flex justify-content-center main-padding"
  >
    <div
      className="row artworks-col-cont"
    >
      <div
        className="col-md-4 col-12"
      />
      <div
        className="col-md-4 col-12"
      />
      <div
        className="col-md-4 col-12"
      />
      <button
        className="btn btn-warning btn-lg my-4 mx-auto"
        onClick={[Function]}
        type="button"
      >
        Load more
      </button>
    </div>
  </main>,
]
`;
